// Jest Snapshot v1, https://goo.gl/fbAQLP

exports[`default renders correctly 1`] = `
.c1 {
  font-size: 14px;
  line-height: 23px;
  font-weight: 400;
  text-align: left;
  cursor: inherit;
  color: #292924;
}

.c2 {
  font-size: 12px;
  line-height: 16px;
  font-weight: 400;
  text-align: left;
  cursor: inherit;
  color: #636768;
}

.c0 {
  border-radius: 0;
  border-top: 1px solid #DAD2C4;
  border-bottom: 1px solid #DAD2C4;
  background-color: #F1E9DC;
  display: grid;
  grid-template-columns: auto 24px;
  padding: 16px;
  grid-gap: 16px;
  -webkit-align-items: center;
  -webkit-box-align: center;
  -ms-flex-align: center;
  align-items: center;
  cursor: pointer;
}

.c0 .iconRight {
  justify-self: end;
}

@media (min-width:768px) {
  .c1 {
    font-size: 16px;
    line-height: 26px;
  }
}

@media (min-width:768px) {
  .c2 {
    font-size: 14px;
    line-height: 18px;
  }
}

@media (min-width:768px) {
  .c0 {
    grid-gap: 24px;
  }
}

<div>
  <div
    class="c0"
  >
    <div
      class=""
    >
      <h1
        class="c1"
        color="liquorice"
        cursor="inherit"
        title=""
      >
        This is a Row with a heading
      </h1>
      <p
        class="c2"
        color="sesame"
        cursor="inherit"
        title=""
      />
    </div>
  </div>
</div>
`;
