// Jest Snapshot v1, https://goo.gl/fbAQLP

exports[`renders 1`] = `
.c0 {
  display: -webkit-box;
  display: -webkit-flex;
  display: -ms-flexbox;
  display: flex;
  -webkit-align-items: center;
  -webkit-box-align: center;
  -ms-flex-align: center;
  align-items: center;
  -webkit-box-pack: center;
  -webkit-justify-content: center;
  -ms-flex-pack: center;
  justify-content: center;
  -webkit-flex-shrink: 0;
  -ms-flex-negative: 0;
  flex-shrink: 0;
  width: 32px;
  height: 32px;
  -webkit-transform: rotate(0deg);
  -ms-transform: rotate(0deg);
  transform: rotate(0deg);
}

<span
  class="c0"
  color="pink"
  rotate="0"
  size="32"
>
  <svg
    fill="none"
    height="100%"
    viewBox="0 0 24 24"
    width="100%"
    xmlns="http://www.w3.org/2000/svg"
  >
    <path
      d="M12 2C6.486 2 2 6.486 2 12s4.486 10 10 10a1 1 0 100-2c-4.411 0-8-3.589-8-8s3.589-8 8-8 8 3.589 8 8c0 1.103-.897 2-2 2s-2-.897-2-2c0-2.206-1.794-4-4-4s-4 1.794-4 4 1.794 4 4 4c1.2 0 2.266-.542 3-1.382.734.84 1.8 1.382 3 1.382 2.206 0 4-1.794 4-4 0-5.514-4.486-10-10-10zm0 12c-1.103 0-2-.897-2-2s.897-2 2-2 2 .897 2 2-.897 2-2 2z"
    />
  </svg>
</span>
`;
