// Jest Snapshot v1, https://goo.gl/fbAQLP

exports[`renders 1`] = `
<div
  class="sc-bczRLJ sc-crXcEl fwUwPu cHxJkJ"
>
  <div
    class="sc-papXJ cWKQiM"
  >
    <div
      class="sc-jqUVSM vwlpZ"
    >
      <div
        class="sc-kDDrLX DTxVD"
      >
        <div
          class="sc-bczRLJ fTuaZS"
        >
          <input
            class="sc-gKXOVf oNLau"
            type="radio"
            value=""
          />
          <label
            class="sc-iBkjds gPlNyQ"
          >
            <div
              class="sc-jSMfEi goqpSd"
            />
            <span
              class="sc-ftvSup fhyIwz"
            >
              Yes
            </span>
          </label>
        </div>
      </div>
      <div
        class="sc-kDDrLX DTxVD"
      >
        <div
          class="sc-bczRLJ fTuaZS"
        >
          <input
            class="sc-gKXOVf oNLau"
            id="undefined-1"
            type="radio"
            value="undefined-1"
          />
          <label
            class="sc-iBkjds gPlNyQ"
            for="undefined-1"
          >
            <div
              class="sc-jSMfEi goqpSd"
            />
            <span
              class="sc-ftvSup fhyIwz"
            >
              No
            </span>
          </label>
        </div>
      </div>
    </div>
  </div>
</div>
`;
