// Vitest Snapshot v1, https://vitest.dev/guide/snapshot.html

exports[`renders 1`] = `
<span
  aria-label="wink"
  class="sc-guDLey hzMujr"
  role="img"
>
  ğŸ˜‰
</span>
`;
