// Jest Snapshot v1, https://goo.gl/fbAQLP

exports[`renders 1`] = `
.c0 {
  position: relative;
  display: inline-block;
  width: 56px;
  height: 32px;
}

.c0 input {
  opacity: 0;
  width: 0;
  height: 0;
}

.c3 {
  position: absolute;
  cursor: pointer;
  top: 0;
  left: 0;
  right: 0;
  bottom: 0;
  background-color: #DAD2C4;
  border: none;
  border-radius: 28px;
  -webkit-transition: 0.2s background-color;
  transition: 0.2s background-color;
  outline: none;
}

.c3:hover {
  background-color: #A1957C;
}

.c3:before {
  position: absolute;
  content: '';
  height: 24px;
  width: 24px;
  left: 4px;
  bottom: 4px;
  background-color: #F8F2EA;
  -webkit-transition: 0.2s -webkit-transform;
  -webkit-transition: 0.2s transform;
  transition: 0.2s transform;
  border-radius: 50%;
}

.c1 {
  outline: 0;
}

.c1:focus-visible + .c2 {
  outline: 2px solid #292924;
  outline-offset: 2px;
}

.c1:checked + .c2 {
  background-color: #292924;
  border: none;
}

.c1:checked + .c2:before {
  -webkit-transform: translateX(24px);
  -ms-transform: translateX(24px);
  transform: translateX(24px);
}

<label
  class="c0"
  id="toggle"
>
  <input
    class="c1"
    type="checkbox"
  />
  <span
    class="c2 c3"
  />
</label>
`;
