// Vitest Snapshot v1, https://vitest.dev/guide/snapshot.html

exports[`renders 1`] = `
<label
  class="sc-aXZVg sc-gEvEer byxNQM jwXIYA"
  id="toggle"
>
  <input
    class="sc-fqkvVR egoFiG"
    type="checkbox"
  />
  <span
    class="sc-eqUAAy kvquKw"
  />
</label>
`;
