// Jest Snapshot v1, https://goo.gl/fbAQLP

exports[`renders 1`] = `
.c1 {
  font-size: 10px;
  line-height: 12px;
  font-weight: 500;
  text-transform: uppercase;
  text-align: left;
  cursor: inherit;
  color: #636768;
}

.c0 {
  display: -webkit-box;
  display: -webkit-flex;
  display: -ms-flexbox;
  display: flex;
  -webkit-flex-direction: column;
  -ms-flex-direction: column;
  flex-direction: column;
}

.c0 label {
  margin-bottom: 8px;
}

<div
  class="c0"
>
  <label
    class="c1"
    color="sesame"
    cursor="inherit"
    title=""
  >
    Name
  </label>
  Hideo Kojima
</div>
`;
