// Jest Snapshot v1, https://goo.gl/fbAQLP

exports[`renders 1`] = `
.c0 {
  padding: 32px;
}

@media (min-width:768px) {
  .c0 {
    padding: 48px;
  }
}

<div
  class="c0"
>
  Text inside
</div>
`;
